// Jest Snapshot v1, https://goo.gl/fbAQLP

exports[`SidePanel > Snapshot 1`] = `
<div
  className="SidePanel"
>
  <AppBar
    showMenuIconButton={false}
    title="API"
    zDepth={1}
  />
  <List>
    <ListItem
      autoGenerateNestedIndicator={true}
      containerElement="span"
      disableKeyboardFocus={false}
      disabled={false}
      initiallyOpen={false}
      insetChildren={false}
      nestedItems={Array []}
      nestedLevel={0}
      onKeyboardFocus={[Function]}
      onMouseEnter={[Function]}
      onMouseLeave={[Function]}
      onNestedListToggle={[Function]}
      onTouchEnd={[Function]}
      onTouchStart={[Function]}
      open={null}
      primaryText="play"
      primaryTogglesNestedList={false}
      secondaryTextLines={1}
    />
    <ListItem
      autoGenerateNestedIndicator={true}
      containerElement="span"
      disableKeyboardFocus={false}
      disabled={false}
      initiallyOpen={false}
      insetChildren={false}
      nestedItems={Array []}
      nestedLevel={0}
      onKeyboardFocus={[Function]}
      onMouseEnter={[Function]}
      onMouseLeave={[Function]}
      onNestedListToggle={[Function]}
      onTouchEnd={[Function]}
      onTouchStart={[Function]}
      open={null}
      primaryText="pause"
      primaryTogglesNestedList={false}
      secondaryTextLines={1}
    />
    <ListItem
      autoGenerateNestedIndicator={true}
      containerElement="span"
      disableKeyboardFocus={false}
      disabled={false}
      initiallyOpen={false}
      insetChildren={false}
      nestedItems={Array []}
      nestedLevel={0}
      onKeyboardFocus={[Function]}
      onMouseEnter={[Function]}
      onMouseLeave={[Function]}
      onNestedListToggle={[Function]}
      onTouchEnd={[Function]}
      onTouchStart={[Function]}
      open={null}
      primaryText="mute"
      primaryTogglesNestedList={false}
      secondaryTextLines={1}
    />
    <ListItem
      autoGenerateNestedIndicator={true}
      containerElement="span"
      disableKeyboardFocus={false}
      disabled={false}
      initiallyOpen={false}
      insetChildren={false}
      nestedItems={Array []}
      nestedLevel={0}
      onKeyboardFocus={[Function]}
      onMouseEnter={[Function]}
      onMouseLeave={[Function]}
      onNestedListToggle={[Function]}
      onTouchEnd={[Function]}
      onTouchStart={[Function]}
      open={null}
      primaryText="unmute"
      primaryTogglesNestedList={false}
      secondaryTextLines={1}
    />
  </List>
</div>
`;
