// Jest Snapshot v1, https://goo.gl/fbAQLP

exports[`test demo sidepanel SidePanel > Snapshot 1`] = `
<div>
  <WithStyles(AppBar)
    position="static"
  >
    <WithStyles(Toolbar)>
      <WithStyles(Typography)
        color="inherit"
        variant="h6"
      >
        Open Player Demo
      </WithStyles(Typography)>
    </WithStyles(Toolbar)>
  </WithStyles(AppBar)>
  <WithStyles(List)
    component="nav"
  >
    <WithStyles(ListItem)
      button={true}
      onClick={[Function]}
    >
      <WithStyles(ListItemText)
        primary="Set main color"
      />
      <pure(ExpandMoreIcon) />
    </WithStyles(ListItem)>
    <WithStyles(Collapse)
      in={false}
      timeout="auto"
      unmountOnExit={true}
    >
      <WithStyles(List)
        component="div"
        disablePadding={true}
      >
        <WithStyles(ListItem)
          button={true}
          onClick={[Function]}
        >
          <WithStyles(ListItemIcon)>
            <pure(StarRateIcon) />
          </WithStyles(ListItemIcon)>
          <WithStyles(ListItemText)
            inset={true}
            primary="red"
          />
        </WithStyles(ListItem)>
        <WithStyles(ListItem)
          button={true}
          onClick={[Function]}
        >
          <WithStyles(ListItemIcon)>
            <pure(StarRateIcon) />
          </WithStyles(ListItemIcon)>
          <WithStyles(ListItemText)
            inset={true}
            primary="blue"
          />
        </WithStyles(ListItem)>
        <WithStyles(ListItem)
          button={true}
          onClick={[Function]}
        >
          <WithStyles(ListItemIcon)>
            <pure(StarRateIcon) />
          </WithStyles(ListItemIcon)>
          <WithStyles(ListItemText)
            inset={true}
            primary="green"
          />
        </WithStyles(ListItem)>
        <WithStyles(ListItem)
          button={true}
          onClick={[Function]}
        >
          <WithStyles(ListItemIcon)>
            <pure(StarRateIcon) />
          </WithStyles(ListItemIcon)>
          <WithStyles(ListItemText)
            inset={true}
            primary="random"
          />
        </WithStyles(ListItem)>
      </WithStyles(List)>
    </WithStyles(Collapse)>
    <WithStyles(Divider) />
    <WithStyles(ListItem)
      button={true}
      onClick={[Function]}
    >
      <WithStyles(ListItemText)
        primary="Play"
      />
    </WithStyles(ListItem)>
    <WithStyles(ListItem)
      button={true}
      onClick={[Function]}
    >
      <WithStyles(ListItemText)
        primary="Pause"
      />
    </WithStyles(ListItem)>
    <WithStyles(ListItem)
      button={true}
      onClick={[Function]}
    >
      <WithStyles(ListItemText)
        primary="Destroy"
      />
    </WithStyles(ListItem)>
    <WithStyles(Divider) />
    <WithStyles(ListItem)
      button={true}
      onClick={[Function]}
    >
      <WithStyles(ListItemIcon)>
        <GithubIcon />
      </WithStyles(ListItemIcon)>
      <WithStyles(ListItemText)
        primary="Github repository"
      />
    </WithStyles(ListItem)>
  </WithStyles(List)>
</div>
`;

exports[`test demo sidepanel SidePanel > Snapshot 2`] = `
<WithStyles(ListItem)
  button={true}
  onClick={[Function]}
>
  <WithStyles(ListItemIcon)>
    <pure(StarRateIcon) />
  </WithStyles(ListItemIcon)>
  <WithStyles(ListItemText)
    inset={true}
    primary="bar"
  />
</WithStyles(ListItem)>
`;
