// Jest Snapshot v1, https://goo.gl/fbAQLP

exports[`Button snapshot Button > Snapshot 1`] = `
<div>
  <WithStyles(IconButton)
    color="inherit"
    onClick={[Function]}
    onMouseEnter={[Function]}
    onMouseLeave={[Function]}
  >
    <Icon
      fontSize="large"
    />
  </WithStyles(IconButton)>
</div>
`;
