// Jest Snapshot v1, https://goo.gl/fbAQLP

exports[`test demo toolbar Toolbar > Snapshot 1`] = `
<div>
  <WithStyles(Toolbar)>
    <WithStyles(List)
      component="nav"
    >
      <WithStyles(ListItem)
        button={true}
        onClick={[Function]}
      >
        <WithStyles(ListItemText)
          primary="DASH - Big Buck Bunny"
        />
      </WithStyles(ListItem)>
    </WithStyles(List)>
    <WithStyles(Menu)
      id="lock-menu"
      onClose={[Function]}
      open={false}
    >
      <WithStyles(MenuItem)
        key="0"
        onClick={[Function]}
        value={null}
      >
        Custom Url
      </WithStyles(MenuItem)>
      <WithStyles(MenuItem)
        key="1"
        onClick={[Function]}
        value="https://dash.akamaized.net/dash264/TestCases/2c/qualcomm/2/MultiRes.mpd"
      >
        DASH - Big Buck Bunny
      </WithStyles(MenuItem)>
      <WithStyles(MenuItem)
        key="2"
        onClick={[Function]}
        value="https://dash.akamaized.net/dash264/TestCases/2c/qualcomm/1/MultiResMPEG2.mpd"
      >
        DASH - The first Blender Open Movie from 2006
      </WithStyles(MenuItem)>
      <WithStyles(MenuItem)
        key="3"
        onClick={[Function]}
        value="https://dash.akamaized.net/dash264/CTA/imsc1/IT1-20171027_dash.mpd"
      >
        DASH - Test
      </WithStyles(MenuItem)>
    </WithStyles(Menu)>
    <WithStyles(Button)
      color="primary"
      onClick={[Function]}
      variant="contained"
    >
      Load
    </WithStyles(Button)>
  </WithStyles(Toolbar)>
  <br />
</div>
`;
