// Jest Snapshot v1, https://goo.gl/fbAQLP

exports[`CorePlayer snapshot CorePlayer > Snapshot 1`] = `
<CorePlayer
  RxPlayer={[Function]}
  forcedMuted={false}
  playRequested={true}
  seekingTime={0}
  setForcedMuted={[Function]}
  setPlayerState={[Function]}
  setPlayerTimes={[Function]}
  url=""
  videoElement={
    <video
      class="undefined"
    />
  }
>
  <div />
</CorePlayer>
`;
