// Jest Snapshot v1, https://goo.gl/fbAQLP

exports[`ActionTypes > Snapshot ActionTypes > Snapshot 1`] = `
Object {
  "MERGE_CONFIG": "MERGE_CONFIG",
  "REQUEST_PLAY": "REQUEST_PLAY",
  "SEEK_TO": "SEEK_TO",
  "SET_FORCED_MUTED": "SET_FORCED_MUTED",
  "SET_FULLSCREEN_CONTAINER": "SET_FULLSCREEN_CONTAINER",
  "SET_IS_ACTIVE": "SET_IS_ACTIVE",
  "SET_IS_FULLSCREEN": "SET_IS_FULLSCREEN",
  "SET_PLAYER_STATE": "SET_PLAYER_STATE",
  "SET_PLAYER_TIMES": "SET_PLAYER_TIMES",
}
`;
