// Jest Snapshot v1, https://goo.gl/fbAQLP

exports[`test App component App > Snapshot 1`] = `
<Provider
  store={
    Object {
      "dispatch": [Function],
      "getState": [Function],
      "replaceReducer": [Function],
      "subscribe": [Function],
      Symbol(observable): [Function],
    }
  }
>
  <Player
    config={Object {}}
    onLoad={[Function]}
  />
</Provider>
`;
