// Jest Snapshot v1, https://goo.gl/fbAQLP

exports[`Demo header test Header > Snapshot 1`] = `
<div>
  <WithStyles(AppBar)
    position="static"
  >
    <WithStyles(Toolbar)>
      <WithStyles(IconButton)
        aria-label="Menu"
        color="inherit"
        onClick={[Function]}
      >
        <pure(MenuIcon) />
      </WithStyles(IconButton)>
      <WithStyles(Typography)
        color="inherit"
        variant="h6"
      >
        Open Player Demo
      </WithStyles(Typography)>
    </WithStyles(Toolbar)>
  </WithStyles(AppBar)>
  <WithStyles(Drawer)
    anchor="left"
    open={false}
  >
    <WithStyles(SidePanel)
      onClickOutside={[Function]}
      setMainColor={[Function]}
    />
  </WithStyles(Drawer)>
</div>
`;
